// Jest Snapshot v1, https://goo.gl/fbAQLP

exports[`Should Render NavBar 1`] = `
<nav>
  <ul>
    <li
      className="title"
    >
      ðŸ¤¯
    </li>
    <li>
      <a
        className="navlink active"
        href="#overrides"
        onClick={[MockFunction]}
      >
        Overrides
      </a>
    </li>
    <li>
      <a
        className="navlink "
        href="#settings"
        onClick={[MockFunction]}
      >
        Settings
      </a>
    </li>
  </ul>
</nav>
`;

exports[`Should Render NavBar 2`] = `
<nav>
  <ul>
    <li
      className="title"
    >
      ðŸ¤¯
    </li>
    <li>
      <a
        className="navlink "
        href="#overrides"
        onClick={[MockFunction]}
      >
        Overrides
      </a>
    </li>
    <li>
      <a
        className="navlink active"
        href="#settings"
        onClick={[MockFunction]}
      >
        Settings
      </a>
    </li>
  </ul>
</nav>
`;
